****************************************
Report : power
        -significant_digits 2
Design : riscv_core
Version: O-2018.06-SP1
Date   : Tue Mar  5 10:52:06 2024
****************************************
Information: Doing activity propagation for mode 'func' and corner 'slow' with effort level 'medium'. (POW-024)
Information: Timer-derived activity data is cached on scenario func_slow (POW-052)
Scenario func_slow, iteration 1: expecting at least 5
Scenario func_slow, iteration 2: expecting at least 6
Scenario func_slow, iteration 3: expecting at least 6
Scenario func_slow, iteration 4: expecting at least 6
Scenario func_slow, iteration 5: expecting at least 6
Scenario func_slow, iteration 6: expecting at least 6
Mode: func
Corner: slow
Scenario: func_slow
Voltage: 0.60
Temperature: -40.00

Voltage Unit         : 1V
Capacitance Unit     : 1fF
Time Unit            : 1ns
Temperature Unit     : 1C
Dynamic Power Unit   : 1pW
Leakage Power Unit   : 1pW

Switched supply net power scaling:
scaling for leakage power

Supply nets:
VDD (power) probability 1.00 (default)
VSS (ground) probability 1.00 (default)

  Cell Internal Power    = 3.31e+08 pW (  0.5%)
  Net Switching Power    = 6.83e+10 pW ( 99.5%)
Total Dynamic Power      = 6.87e+10 pW (100.0%)

Cell Leakage Power       = 1.53e+05 pW


  Attributes
  ----------
      u  -  User defined power group

Power Group         Internal Power        Switching Power          Leakage Power            Total Power    (   %  )    Attrs
-----------------------------------------------------------------------------------------------------------------------------
io_pad                    0.00e+00               0.00e+00               0.00e+00               0.00e+00    (  0.0%)      
memory                    0.00e+00               0.00e+00               0.00e+00               0.00e+00    (  0.0%)      
black_box                 0.00e+00               0.00e+00               0.00e+00               0.00e+00    (  0.0%)      
clock_network             3.25e+08               6.83e+10               1.83e+01               6.86e+10    (100.0%)      
register                  1.06e+06               1.20e+06               3.18e+04               2.30e+06    (  0.0%)      
sequential                0.00e+00               0.00e+00               0.00e+00               0.00e+00    (  0.0%)      
combinational             4.92e+06               2.55e+07               1.21e+05               3.06e+07    (  0.0%)      
-----------------------------------------------------------------------------------------------------------------------------
Total                     3.31e+08 pW            6.83e+10 pW            1.53e+05 pW            6.87e+10 pW
1
