****************************************
Report : qor
Design : riscv_core
Version: O-2018.06-SP1
Date   : Sun Mar  3 06:08:09 2024
****************************************


Scenario           'func_fast'
Timing Path Group  'CLK_I'
----------------------------------------
Levels of Logic:                     82
Critical Path Length:              1.48
Critical Path Slack:               3.51
Critical Path Clk Period:          5.00
Total Negative Slack:              0.00
No. of Violating Paths:               0
Worst Hold Violation:              0.00
Total Hold Violation:              0.00
No. of Hold Violations:               0
----------------------------------------

Scenario           'func_slow'
Timing Path Group  'CLK_I'
----------------------------------------
Levels of Logic:                     82
Critical Path Length:              4.56
Critical Path Slack:               0.41
Critical Path Clk Period:          5.00
Total Negative Slack:              0.00
No. of Violating Paths:               0
Worst Hold Violation:              0.00
Total Hold Violation:              0.00
No. of Hold Violations:               0
----------------------------------------


Cell Count
----------------------------------------
Hierarchical Cell Count:             73
Hierarchical Port Count:          10635
Leaf Cell Count:                  27773
Buf/Inv Cell Count:                5489
Buf Cell Count:                     163
Inv Cell Count:                    5326
CT Buf/Inv Cell Count:                0
Combinational Cell Count:         25570
Sequential Cell Count:             2203
Macro Count:                          0
----------------------------------------


Area
----------------------------------------
Combinational Area:            15117.62
Noncombinational Area:          3127.85
Buf/Inv Area:                   1498.46
Total Buffer Area:                63.89
Total Inverter Area:            1434.56
Macro/Black Box Area:              0.00
Net Area:                             0
Net XLength:                       0.00
Net YLength:                       0.00
----------------------------------------
Cell Area (netlist):                          18245.47
Cell Area (netlist and physical only):        18966.62
Net Length:                        0.00


Design Rules
----------------------------------------
Total Number of Nets:             28034
Nets with Violations:                 0
Max Trans Violations:                 0
Max Cap Violations:                   0
----------------------------------------

1
