 
****************************************
Report : constraint
        -all_violators
Design : riscv_core
Version: O-2018.06-SP1
Date   : Fri Mar  1 01:24:58 2024
****************************************


   min_delay/hold ('CLK_I' group)

                             Required        Actual
   Endpoint                 Path Delay     Path Delay        Slack
   -----------------------------------------------------------------
   debug_unit_i/dbg_cause_q_reg_5_/D     0.10     0.08 f     -0.02  (VIOLATED)
   debug_unit_i/regfile_fp_sel_q_reg/D     0.10     0.08 f    -0.01 (VIOLATED)
   debug_unit_i/pc_tracking_fsm_cs_reg_1_/D     0.10     0.09 f    -0.01 (VIOLATED)
   debug_unit_i/addr_q_reg_7_/D     0.10       0.09 f        -0.01  (VIOLATED)
   debug_unit_i/addr_q_reg_8_/D     0.10       0.09 f        -0.01  (VIOLATED)
   debug_unit_i/addr_q_reg_9_/D     0.10       0.09 f        -0.01  (VIOLATED)
   debug_unit_i/addr_q_reg_10_/D     0.10      0.09 f        -0.01  (VIOLATED)
   debug_unit_i/addr_q_reg_12_/D     0.10      0.09 f        -0.01  (VIOLATED)
   debug_unit_i/jump_req_q_reg/D     0.10      0.09 f        -0.01  (VIOLATED)
   debug_unit_i/rdata_sel_q_reg_2_/D     0.10     0.09 f     -0.01  (VIOLATED)
   debug_unit_i/settings_q_reg_2_/D     0.10     0.09 f      -0.01  (VIOLATED)
   debug_unit_i/pc_tracking_fsm_cs_reg_0_/D     0.10     0.09 f    -0.01 (VIOLATED)
   debug_unit_i/wdata_q_reg_4_/D     0.10      0.09 f        -0.01  (VIOLATED)
   debug_unit_i/wdata_q_reg_6_/D     0.10      0.09 f        -0.01  (VIOLATED)
   debug_unit_i/addr_q_reg_11_/D     0.10      0.09 f        -0.01  (VIOLATED)
   debug_unit_i/addr_q_reg_13_/D     0.10      0.09 f        -0.01  (VIOLATED)
   debug_unit_i/wdata_q_reg_0_/D     0.10      0.09 f        -0.01  (VIOLATED)
   debug_unit_i/wdata_q_reg_8_/D     0.10      0.09 f        -0.01  (VIOLATED)
   debug_unit_i/wdata_q_reg_22_/D     0.10     0.09 f        -0.01  (VIOLATED)
   debug_unit_i/wdata_q_reg_24_/D     0.10     0.09 f        -0.01  (VIOLATED)
   debug_unit_i/wdata_q_reg_26_/D     0.10     0.09 f        -0.01  (VIOLATED)
   debug_unit_i/wdata_q_reg_28_/D     0.10     0.09 f        -0.01  (VIOLATED)
   debug_unit_i/wdata_q_reg_30_/D     0.10     0.09 f        -0.01  (VIOLATED)
   debug_unit_i/wdata_q_reg_21_/D     0.10     0.09 f        -0.01  (VIOLATED)
   debug_unit_i/wdata_q_reg_23_/D     0.10     0.09 f        -0.01  (VIOLATED)
   debug_unit_i/wdata_q_reg_25_/D     0.10     0.09 f        -0.01  (VIOLATED)
   debug_unit_i/wdata_q_reg_27_/D     0.10     0.09 f        -0.01  (VIOLATED)
   debug_unit_i/wdata_q_reg_29_/D     0.10     0.09 f        -0.01  (VIOLATED)
   debug_unit_i/wdata_q_reg_31_/D     0.10     0.09 f        -0.01  (VIOLATED)
   debug_unit_i/wdata_q_reg_9_/D     0.10      0.09 f        -0.01  (VIOLATED)
   debug_unit_i/wdata_q_reg_10_/D     0.10     0.09 f        -0.01  (VIOLATED)
   debug_unit_i/wdata_q_reg_12_/D     0.10     0.09 f        -0.01  (VIOLATED)
   debug_unit_i/wdata_q_reg_13_/D     0.10     0.09 f        -0.01  (VIOLATED)
   debug_unit_i/wdata_q_reg_14_/D     0.10     0.09 f        -0.01  (VIOLATED)
   debug_unit_i/wdata_q_reg_15_/D     0.10     0.09 f        -0.01  (VIOLATED)
   debug_unit_i/wdata_q_reg_17_/D     0.10     0.09 f        -0.01  (VIOLATED)
   debug_unit_i/wdata_q_reg_18_/D     0.10     0.09 f        -0.01  (VIOLATED)
   debug_unit_i/wdata_q_reg_19_/D     0.10     0.09 f        -0.01  (VIOLATED)
   debug_unit_i/wdata_q_reg_20_/D     0.10     0.09 f        -0.01  (VIOLATED)
   debug_unit_i/wdata_q_reg_1_/D     0.10      0.09 f        -0.01  (VIOLATED)
   debug_unit_i/wdata_q_reg_5_/D     0.10      0.09 f        -0.01  (VIOLATED)
   debug_unit_i/wdata_q_reg_7_/D     0.10      0.09 f        -0.01  (VIOLATED)
   debug_unit_i/wdata_q_reg_16_/D     0.10     0.09 f        -0.01  (VIOLATED)
   debug_unit_i/settings_q_reg_3_/D     0.10     0.09 f      -0.01  (VIOLATED)
   debug_unit_i/settings_q_reg_1_/D     0.10     0.09 f      -0.01  (VIOLATED)
   debug_unit_i/settings_q_reg_4_/D     0.10     0.09 f      -0.01  (VIOLATED)
   debug_unit_i/wdata_q_reg_2_/D     0.10      0.09 f        -0.01  (VIOLATED)
   debug_unit_i/wdata_q_reg_3_/D     0.10      0.09 f        -0.01  (VIOLATED)
   debug_unit_i/wdata_q_reg_11_/D     0.10     0.09 f        -0.01  (VIOLATED)
   debug_unit_i/state_q_reg_0_/D     0.10      0.09 f        -0.01  (VIOLATED)
   debug_unit_i/csr_req_q_reg/D     0.10       0.09 f         0.00  (VIOLATED: increase significant digits)
   debug_unit_i/addr_q_reg_4_/D     0.10       0.09 f         0.00  (VIOLATED: increase significant digits)
   debug_unit_i/settings_q_reg_0_/D     0.10     0.10 f       0.00  (VIOLATED: increase significant digits)
   debug_unit_i/addr_q_reg_6_/D     0.10       0.10 f         0.00  (VIOLATED: increase significant digits)
   debug_unit_i/addr_q_reg_5_/D     0.10       0.10 f         0.00  (VIOLATED: increase significant digits)
   debug_unit_i/dbg_ssth_q_reg/D     0.10      0.10 f         0.00  (VIOLATED: increase significant digits)
   debug_unit_i/rdata_sel_q_reg_0_/D     0.10     0.10 f      0.00  (VIOLATED: increase significant digits)
   debug_unit_i/rdata_sel_q_reg_1_/D     0.10     0.10 f      0.00  (VIOLATED: increase significant digits)


   min_capacitance

                             Required        Actual
   Net                      Capacitance    Capacitance       Slack
   -----------------------------------------------------------------
   data_addr_o[2]               0.15           0.01          -0.14  (VIOLATED)
   data_addr_o[3]               0.15           0.01          -0.14  (VIOLATED)
   data_addr_o[4]               0.15           0.01          -0.14  (VIOLATED)
   data_addr_o[5]               0.15           0.01          -0.14  (VIOLATED)
   data_addr_o[6]               0.15           0.01          -0.14  (VIOLATED)
   data_addr_o[7]               0.15           0.01          -0.14  (VIOLATED)
   data_addr_o[8]               0.15           0.01          -0.14  (VIOLATED)
   data_addr_o[9]               0.15           0.01          -0.14  (VIOLATED)
   data_addr_o[10]              0.15           0.01          -0.14  (VIOLATED)
   data_addr_o[11]              0.15           0.01          -0.14  (VIOLATED)
   data_addr_o[12]              0.15           0.01          -0.14  (VIOLATED)
   data_addr_o[13]              0.15           0.01          -0.14  (VIOLATED)
   data_addr_o[14]              0.15           0.01          -0.14  (VIOLATED)
   data_addr_o[15]              0.15           0.01          -0.14  (VIOLATED)
   data_addr_o[16]              0.15           0.01          -0.14  (VIOLATED)
   data_addr_o[17]              0.15           0.01          -0.14  (VIOLATED)
   data_addr_o[18]              0.15           0.01          -0.14  (VIOLATED)
   data_addr_o[19]              0.15           0.01          -0.14  (VIOLATED)
   data_addr_o[20]              0.15           0.01          -0.14  (VIOLATED)
   data_addr_o[21]              0.15           0.01          -0.14  (VIOLATED)
   data_addr_o[22]              0.15           0.01          -0.14  (VIOLATED)
   data_addr_o[23]              0.15           0.01          -0.14  (VIOLATED)
   data_addr_o[24]              0.15           0.01          -0.14  (VIOLATED)
   data_addr_o[25]              0.15           0.01          -0.14  (VIOLATED)
   data_addr_o[26]              0.15           0.01          -0.14  (VIOLATED)
   data_addr_o[27]              0.15           0.01          -0.14  (VIOLATED)
   data_addr_o[28]              0.15           0.01          -0.14  (VIOLATED)
   data_addr_o[29]              0.15           0.01          -0.14  (VIOLATED)
   data_addr_o[30]              0.15           0.01          -0.14  (VIOLATED)
   data_addr_o[31]              0.15           0.01          -0.14  (VIOLATED)
   data_be_o[0]                 0.15           0.01          -0.14  (VIOLATED)
   data_be_o[1]                 0.15           0.01          -0.14  (VIOLATED)
   data_be_o[2]                 0.15           0.01          -0.14  (VIOLATED)
   data_be_o[3]                 0.15           0.01          -0.14  (VIOLATED)
   data_wdata_o[0]              0.15           0.01          -0.14  (VIOLATED)
   data_wdata_o[1]              0.15           0.01          -0.14  (VIOLATED)
   data_wdata_o[2]              0.15           0.01          -0.14  (VIOLATED)
   data_wdata_o[3]              0.15           0.01          -0.14  (VIOLATED)
   data_wdata_o[4]              0.15           0.01          -0.14  (VIOLATED)
   data_wdata_o[5]              0.15           0.01          -0.14  (VIOLATED)
   data_wdata_o[6]              0.15           0.01          -0.14  (VIOLATED)
   data_wdata_o[7]              0.15           0.01          -0.14  (VIOLATED)
   data_wdata_o[8]              0.15           0.01          -0.14  (VIOLATED)
   data_wdata_o[9]              0.15           0.01          -0.14  (VIOLATED)
   data_wdata_o[10]             0.15           0.01          -0.14  (VIOLATED)
   data_wdata_o[11]             0.15           0.01          -0.14  (VIOLATED)
   data_wdata_o[12]             0.15           0.01          -0.14  (VIOLATED)
   data_wdata_o[13]             0.15           0.01          -0.14  (VIOLATED)
   data_wdata_o[14]             0.15           0.01          -0.14  (VIOLATED)
   data_wdata_o[15]             0.15           0.01          -0.14  (VIOLATED)
   data_wdata_o[16]             0.15           0.01          -0.14  (VIOLATED)
   data_wdata_o[17]             0.15           0.01          -0.14  (VIOLATED)
   data_wdata_o[18]             0.15           0.01          -0.14  (VIOLATED)
   data_wdata_o[19]             0.15           0.01          -0.14  (VIOLATED)
   data_wdata_o[20]             0.15           0.01          -0.14  (VIOLATED)
   data_wdata_o[21]             0.15           0.01          -0.14  (VIOLATED)
   data_wdata_o[22]             0.15           0.01          -0.14  (VIOLATED)
   data_wdata_o[23]             0.15           0.01          -0.14  (VIOLATED)
   data_wdata_o[24]             0.15           0.01          -0.14  (VIOLATED)
   data_wdata_o[25]             0.15           0.01          -0.14  (VIOLATED)
   data_wdata_o[26]             0.15           0.01          -0.14  (VIOLATED)
   data_wdata_o[27]             0.15           0.01          -0.14  (VIOLATED)
   data_wdata_o[28]             0.15           0.01          -0.14  (VIOLATED)
   data_wdata_o[29]             0.15           0.01          -0.14  (VIOLATED)
   data_wdata_o[30]             0.15           0.01          -0.14  (VIOLATED)
   data_wdata_o[31]             0.15           0.01          -0.14  (VIOLATED)
   debug_rdata_o[0]             0.15           0.01          -0.14  (VIOLATED)
   debug_rdata_o[1]             0.15           0.01          -0.14  (VIOLATED)
   debug_rdata_o[2]             0.15           0.01          -0.14  (VIOLATED)
   debug_rdata_o[3]             0.15           0.01          -0.14  (VIOLATED)
   debug_rdata_o[4]             0.15           0.01          -0.14  (VIOLATED)
   debug_rdata_o[5]             0.15           0.01          -0.14  (VIOLATED)
   debug_rdata_o[6]             0.15           0.01          -0.14  (VIOLATED)
   debug_rdata_o[7]             0.15           0.01          -0.14  (VIOLATED)
   debug_rdata_o[8]             0.15           0.01          -0.14  (VIOLATED)
   debug_rdata_o[9]             0.15           0.01          -0.14  (VIOLATED)
   debug_rdata_o[10]            0.15           0.01          -0.14  (VIOLATED)
   debug_rdata_o[11]            0.15           0.01          -0.14  (VIOLATED)
   debug_rdata_o[12]            0.15           0.01          -0.14  (VIOLATED)
   debug_rdata_o[13]            0.15           0.01          -0.14  (VIOLATED)
   debug_rdata_o[14]            0.15           0.01          -0.14  (VIOLATED)
   debug_rdata_o[15]            0.15           0.01          -0.14  (VIOLATED)
   debug_rdata_o[16]            0.15           0.01          -0.14  (VIOLATED)
   debug_rdata_o[17]            0.15           0.01          -0.14  (VIOLATED)
   debug_rdata_o[18]            0.15           0.01          -0.14  (VIOLATED)
   debug_rdata_o[19]            0.15           0.01          -0.14  (VIOLATED)
   debug_rdata_o[20]            0.15           0.01          -0.14  (VIOLATED)
   debug_rdata_o[21]            0.15           0.01          -0.14  (VIOLATED)
   debug_rdata_o[22]            0.15           0.01          -0.14  (VIOLATED)
   debug_rdata_o[23]            0.15           0.01          -0.14  (VIOLATED)
   debug_rdata_o[24]            0.15           0.01          -0.14  (VIOLATED)
   debug_rdata_o[25]            0.15           0.01          -0.14  (VIOLATED)
   debug_rdata_o[26]            0.15           0.01          -0.14  (VIOLATED)
   debug_rdata_o[27]            0.15           0.01          -0.14  (VIOLATED)
   debug_rdata_o[28]            0.15           0.01          -0.14  (VIOLATED)
   debug_rdata_o[29]            0.15           0.01          -0.14  (VIOLATED)
   debug_rdata_o[30]            0.15           0.01          -0.14  (VIOLATED)
   debug_rdata_o[31]            0.15           0.01          -0.14  (VIOLATED)

   -----------------------------------------------------------------
   Total                      98                -13.86  

1
