****************************************
Report : design
Design : riscv_core
Version: O-2018.06-SP1
Date   : Mon Mar  4 07:44:12 2024
****************************************

Total number of std cells in library : 881
Total number of dont_use lib cells   : 580
Total number of dont_touch lib cells : 18
Total number of buffers              : 59
Total number of inverters            : 51
Total number of flip-flops           : 171
Total number of latches              : 45
Total number of ICGs                 : 30

Cell Instance Type  Count         Area
--------------------------------------
TOTAL LEAF CELLS    31822    19355.558
Standard cells      29115    18634.414
Hard macro cells        0        0.000
Soft macro cells        0        0.000
Always on cells         0        0.000
Physical only        2707      721.145
Fixed cells          2707      721.145
Moveable cells      29115    18634.414
Sequential           2203     3127.847
Buffer/inverter      7119     2041.867
ICG cells               1        1.021

Logic Hierarchies                    : 73
Design Masters count                 : 55
Total Flat nets count                : 29522
Total FloatingNets count             : 208
Total no of Ports                    : 482
Number of Master Clocks in design    : 1
Number of Generated Clocks in design : 0
Number of Path Groups in design      : 7 (1 of them Non Default)
Number of Scan Chains in design      : 0
List of Modes                        : func
List of Corners                      : slow, fast
List of Scenarios                    : func_fast, func_slow

Core Area                            : 46479.874
Chip Area                            : 56687.764
Total Site Row Area                  : 46479.874
Number of Blockages                  : 0
Total area of Blockages              : 0.000
Number of Power Domains              : 1
Number of Voltage Areas              : 1
Number of Group Bounds               : 0
Number of Exclusive MoveBounds       : 0
Number of Hard or Soft MoveBounds    : 0
Number of Multibit Registers         : 0
Number of Multibit LS/ISO Cells      : 0
Number of Top Level RP Groups        : 0
Number of Tech Layers                : 63 (53 of them have unknown routing dir.)

Total wire length                    : 0.00 micron
Total number of wires                : 0
Total number of contacts             : 2558
1
